===== pass 1 stdout =====
This is XeTeX, Version 3.141592653-2.6-0.999998 (TeX Live 2026) (preloaded format=xelatex)
 restricted \write18 enabled.
entering extended mode
(./main.tex
LaTeX2e <2026-06-01>
L3 programming layer <2026-08-10>
(/tmp/texlive-027/texmf-dist/tex/latex/beamer/beamer.cls
Document Class: beamer 2026/08/20 v3.78 A class for typesetting presentations
(/tmp/texlive-027/texmf-dist/tex/latex/beamer/beamerbasemodes.sty
(/tmp/texlive-027/texmf-dist/tex/latex/etoolbox/etoolbox.sty)
(/tmp/texlive-027/texmf-dist/tex/latex/beamer/beamerbasedecode.sty))
(/tmp/texlive-027/texmf-dist/tex/generic/iftex/iftex.sty)
(/tmp/texlive-027/texmf-dist/tex/latex/beamer/beamerbaseoptions.sty
(/tmp/texlive-027/texmf-dist/tex/latex/graphics/keyval.sty))
(/tmp/texlive-027/texmf-dist/tex/latex/geometry/geometry.sty
(/tmp/texlive-027/texmf-dist/tex/generic/iftex/ifvtex.sty))
(/tmp/texlive-027/texmf-dist/tex/latex/pgf/math/pgfmath.sty
(/tmp/texlive-027/texmf-dist/tex/latex/pgf/utilities/pgfrcs.sty
(/tmp/texlive-027/texmf-dist/tex/generic/pgf/utilities/pgfutil-common.tex)
(/tmp/texlive-027/texmf-dist/tex/generic/pgf/utilities/pgfutil-latex.def)
(/tmp/texlive-027/texmf-dist/tex/generic/pgf/utilities/pgfrcs.code.tex
(/tmp/texlive-027/texmf-dist/tex/generic/pgf/pgf.revision.tex)))
(/tmp/texlive-027/texmf-dist/tex/latex/pgf/utilities/pgfkeys.sty
(/tmp/texlive-027/texmf-dist/tex/generic/pgf/utilities/pgfkeys.code.tex
(/tmp/texlive-027/texmf-dist/tex/generic/pgf/utilities/pgfkeyslibraryfiltered.c
ode.tex))) (/tmp/texlive-027/texmf-dist/tex/generic/pgf/math/pgfmath.code.tex
(/tmp/texlive-027/texmf-dist/tex/generic/pgf/math/pgfmathutil.code.tex)
(/tmp/texlive-027/texmf-dist/tex/generic/pgf/math/pgfmathparser.code.tex)
(/tmp/texlive-027/texmf-dist/tex/generic/pgf/math/pgfmathfunctions.code.tex)
(/tmp/texlive-027/texmf-dist/tex/generic/pgf/math/pgfmathfunctions.basic.code.t
ex)
(/tmp/texlive-027/texmf-dist/tex/generic/pgf/math/pgfmathfunctions.trigonometri
c.code.tex)
(/tmp/texlive-027/texmf-dist/tex/generic/pgf/math/pgfmathfunctions.random.code.
tex)
(/tmp/texlive-027/texmf-dist/tex/generic/pgf/math/pgfmathfunctions.comparison.c
ode.tex)
(/tmp/texlive-027/texmf-dist/tex/generic/pgf/math/pgfmathfunctions.base.code.te
x)
(/tmp/texlive-027/texmf-dist/tex/generic/pgf/math/pgfmathfunctions.round.code.t
ex)
(/tmp/texlive-027/texmf-dist/tex/generic/pgf/math/pgfmathfunctions.misc.code.te
x)
(/tmp/texlive-027/texmf-dist/tex/generic/pgf/math/pgfmathfunctions.integerarith
metics.code.tex)
(/tmp/texlive-027/texmf-dist/tex/generic/pgf/math/pgfmathcalc.code.tex)
(/tmp/texlive-027/texmf-dist/tex/generic/pgf/math/pgfmathfloat.code.tex)))
(/tmp/texlive-027/texmf-dist/tex/latex/base/size11.clo)
(/tmp/texlive-027/texmf-dist/tex/latex/pgf/basiclayer/pgfcore.sty
(/tmp/texlive-027/texmf-dist/tex/latex/graphics/graphicx.sty
(/tmp/texlive-027/texmf-dist/tex/latex/graphics/graphics.sty
(/tmp/texlive-027/texmf-dist/tex/latex/graphics/trig.sty)
(/tmp/texlive-027/texmf-dist/tex/latex/graphics-cfg/graphics.cfg)
(/tmp/texlive-027/texmf-dist/tex/latex/graphics-def/xetex.def)))
(/tmp/texlive-027/texmf-dist/tex/latex/pgf/systemlayer/pgfsys.sty
(/tmp/texlive-027/texmf-dist/tex/generic/pgf/systemlayer/pgfsys.code.tex
(/tmp/texlive-027/texmf-dist/tex/generic/pgf/systemlayer/pgf.cfg)
(/tmp/texlive-027/texmf-dist/tex/generic/pgf/systemlayer/pgfsys-xetex.def
(/tmp/texlive-027/texmf-dist/tex/generic/pgf/systemlayer/pgfsys-dvipdfmx.def
(/tmp/texlive-027/texmf-dist/tex/generic/pgf/systemlayer/pgfsys-common-pdf.def)
)))
(/tmp/texlive-027/texmf-dist/tex/generic/pgf/systemlayer/pgfsyssoftpath.code.te
x)
(/tmp/texlive-027/texmf-dist/tex/generic/pgf/systemlayer/pgfsysprotocol.code.te
x)) (/tmp/texlive-027/texmf-dist/tex/latex/xcolor/xcolor.sty
(/tmp/texlive-027/texmf-dist/tex/latex/graphics-cfg/color.cfg)
(/tmp/texlive-027/texmf-dist/tex/latex/graphics/mathcolor.ltx))
(/tmp/texlive-027/texmf-dist/tex/generic/pgf/basiclayer/pgfcore.code.tex
(/tmp/texlive-027/texmf-dist/tex/generic/pgf/math/pgfint.code.tex)
(/tmp/texlive-027/texmf-dist/tex/generic/pgf/basiclayer/pgfcorepoints.code.tex)

(/tmp/texlive-027/texmf-dist/tex/generic/pgf/basiclayer/pgfcorepathconstruct.co
de.tex)
(/tmp/texlive-027/texmf-dist/tex/generic/pgf/basiclayer/pgfcorepathusage.code.t
ex)
(/tmp/texlive-027/texmf-dist/tex/generic/pgf/basiclayer/pgfcorescopes.code.tex)

(/tmp/texlive-027/texmf-dist/tex/generic/pgf/basiclayer/pgfcoregraphicstate.cod
e.tex)
(/tmp/texlive-027/texmf-dist/tex/generic/pgf/basiclayer/pgfcoretransformations.
code.tex)
(/tmp/texlive-027/texmf-dist/tex/generic/pgf/basiclayer/pgfcorequick.code.tex)
(/tmp/texlive-027/texmf-dist/tex/generic/pgf/basiclayer/pgfcoreobjects.code.tex
)
(/tmp/texlive-027/texmf-dist/tex/generic/pgf/basiclayer/pgfcorepathprocessing.c
ode.tex)
(/tmp/texlive-027/texmf-dist/tex/generic/pgf/basiclayer/pgfcorearrows.code.tex)
 (/tmp/texlive-027/texmf-dist/tex/generic/pgf/basiclayer/pgfcoreshade.code.tex)
 (/tmp/texlive-027/texmf-dist/tex/generic/pgf/basiclayer/pgfcoreimage.code.tex)

(/tmp/texlive-027/texmf-dist/tex/generic/pgf/basiclayer/pgfcoreexternal.code.te
x)
(/tmp/texlive-027/texmf-dist/tex/generic/pgf/basiclayer/pgfcorelayers.code.tex)

(/tmp/texlive-027/texmf-dist/tex/generic/pgf/basiclayer/pgfcoretransparency.cod
e.tex)
(/tmp/texlive-027/texmf-dist/tex/generic/pgf/basiclayer/pgfcorepatterns.code.te
x) (/tmp/texlive-027/texmf-dist/tex/generic/pgf/basiclayer/pgfcorerdf.code.tex)
)) (/tmp/texlive-027/texmf-dist/tex/latex/pgf/utilities/xxcolor.sty)
(/tmp/texlive-027/texmf-dist/tex/latex/base/atbegshi-ltx.sty)
(/tmp/texlive-027/texmf-dist/tex/latex/hyperref/hyperref.sty
(/tmp/texlive-027/texmf-dist/tex/latex/kvsetkeys/kvsetkeys.sty)
(/tmp/texlive-027/texmf-dist/tex/generic/kvdefinekeys/kvdefinekeys.sty)
(/tmp/texlive-027/texmf-dist/tex/generic/pdfescape/pdfescape.sty
(/tmp/texlive-027/texmf-dist/tex/generic/ltxcmds/ltxcmds.sty)
(/tmp/texlive-027/texmf-dist/tex/generic/pdftexcmds/pdftexcmds.sty
(/tmp/texlive-027/texmf-dist/tex/generic/infwarerr/infwarerr.sty)))
(/tmp/texlive-027/texmf-dist/tex/latex/hycolor/hycolor.sty)
(/tmp/texlive-027/texmf-dist/tex/latex/hyperref/nameref.sty
(/tmp/texlive-027/texmf-dist/tex/latex/refcount/refcount.sty)
(/tmp/texlive-027/texmf-dist/tex/generic/gettitlestring/gettitlestring.sty
(/tmp/texlive-027/texmf-dist/tex/latex/kvoptions/kvoptions.sty)))
(/tmp/texlive-027/texmf-dist/tex/generic/stringenc/stringenc.sty)
(/tmp/texlive-027/texmf-dist/tex/latex/hyperref/pd1enc.def)
(/tmp/texlive-027/texmf-dist/tex/generic/intcalc/intcalc.sty)
(/tmp/texlive-027/texmf-dist/tex/latex/hyperref/puenc.def)
(/tmp/texlive-027/texmf-dist/tex/latex/url/url.sty)
(/tmp/texlive-027/texmf-dist/tex/generic/bitset/bitset.sty
(/tmp/texlive-027/texmf-dist/tex/generic/bigintcalc/bigintcalc.sty))

Package hyperref Message: Stopped early.

) (/tmp/texlive-027/texmf-dist/tex/latex/hyperref/hxetex.def
(/tmp/texlive-027/texmf-dist/tex/latex/rerunfilecheck/rerunfilecheck.sty
(/tmp/texlive-027/texmf-dist/tex/generic/uniquecounter/uniquecounter.sty)))
(/tmp/texlive-027/texmf-dist/tex/latex/beamer/beamerbaserequires.sty
(/tmp/texlive-027/texmf-dist/tex/latex/beamer/beamerbasecompatibility.sty)
(/tmp/texlive-027/texmf-dist/tex/latex/beamer/beamerbasefont.sty
(/tmp/texlive-027/texmf-dist/tex/latex/amsfonts/amssymb.sty
(/tmp/texlive-027/texmf-dist/tex/latex/amsfonts/amsfonts.sty)))
(/tmp/texlive-027/texmf-dist/tex/latex/beamer/beamerbasetranslator.sty
(/tmp/texlive-027/texmf-dist/tex/latex/translator/translator.sty))
(/tmp/texlive-027/texmf-dist/tex/latex/beamer/beamerbasemisc.sty)
(/tmp/texlive-027/texmf-dist/tex/latex/beamer/beamerbasetwoscreens.sty)
(/tmp/texlive-027/texmf-dist/tex/latex/beamer/beamerbaseoverlay.sty)
(/tmp/texlive-027/texmf-dist/tex/latex/beamer/beamerbasetitle.sty)
(/tmp/texlive-027/texmf-dist/tex/latex/beamer/beamerbasesection.sty)
(/tmp/texlive-027/texmf-dist/tex/latex/beamer/beamerbaseframe.sty)
(/tmp/texlive-027/texmf-dist/tex/latex/beamer/beamerbaseverbatim.sty)
(/tmp/texlive-027/texmf-dist/tex/latex/beamer/beamerbaseframesize.sty)
(/tmp/texlive-027/texmf-dist/tex/latex/beamer/beamerbaseframecomponents.sty)
(/tmp/texlive-027/texmf-dist/tex/latex/beamer/beamerbasecolor.sty)
(/tmp/texlive-027/texmf-dist/tex/latex/beamer/beamerbasenotes.sty)
(/tmp/texlive-027/texmf-dist/tex/latex/beamer/beamerbasetoc.sty)
(/tmp/texlive-027/texmf-dist/tex/latex/beamer/beamerbasetemplates.sty
(/tmp/texlive-027/texmf-dist/tex/latex/beamer/beamerbaseauxtemplates.sty
(/tmp/texlive-027/texmf-dist/tex/latex/beamer/beamerbaseboxes.sty)))
(/tmp/texlive-027/texmf-dist/tex/latex/beamer/beamerbaselocalstructure.sty
(/tmp/texlive-027/texmf-dist/tex/latex/tools/enumerate.sty))
(/tmp/texlive-027/texmf-dist/tex/latex/beamer/beamerbasenavigation.sty
(/tmp/texlive-027/texmf-dist/tex/latex/beamer/beamerbasenavigationsymbols.tex))
 (/tmp/texlive-027/texmf-dist/tex/latex/beamer/beamerbasetheorems.sty
(/tmp/texlive-027/texmf-dist/tex/latex/amsmath/amsmath.sty
For additional information on amsmath, use the `?' option.
(/tmp/texlive-027/texmf-dist/tex/latex/amsmath/amstext.sty
(/tmp/texlive-027/texmf-dist/tex/latex/amsmath/amsgen.sty))
(/tmp/texlive-027/texmf-dist/tex/latex/amsmath/amsbsy.sty)
(/tmp/texlive-027/texmf-dist/tex/latex/amsmath/amsopn.sty))
(/tmp/texlive-027/texmf-dist/tex/latex/amscls/amsthm.sty))
(/tmp/texlive-027/texmf-dist/tex/latex/beamer/beamerbasethemes.sty))
(/tmp/texlive-027/texmf-dist/tex/latex/beamer/beamerthemedefault.sty
(/tmp/texlive-027/texmf-dist/tex/latex/beamer/beamerfontthemedefault.sty)
(/tmp/texlive-027/texmf-dist/tex/latex/beamer/beamercolorthemedefault.sty)
(/tmp/texlive-027/texmf-dist/tex/latex/beamer/beamerinnerthemedefault.sty)
(/tmp/texlive-027/texmf-dist/tex/latex/beamer/beamerouterthemedefault.sty)))
(/tmp/texlive-027/texmf-dist/tex/latex/booktabs/booktabs.sty)
(./styles/beamerthemesintef.sty
(/tmp/texlive-027/texmf-dist/tex/latex/fontspec/fontspec.sty
(/tmp/texlive-027/texmf-dist/tex/latex/fontspec/fontspec-xetex.sty
(/tmp/texlive-027/texmf-dist/tex/latex/base/fontenc.sty)
(/tmp/texlive-027/texmf-dist/tex/latex/fontspec/fontspec.cfg)))
(/tmp/texlive-027/texmf-dist/tex/latex/parskip/parskip.sty)
(/tmp/texlive-027/texmf-dist/tex/latex/pgf/frontendlayer/tikz.sty
(/tmp/texlive-027/texmf-dist/tex/latex/pgf/basiclayer/pgf.sty
(/tmp/texlive-027/texmf-dist/tex/generic/pgf/modules/pgfmoduleshapes.code.tex)
(/tmp/texlive-027/texmf-dist/tex/generic/pgf/modules/pgfmoduleplot.code.tex)
(/tmp/texlive-027/texmf-dist/tex/latex/pgf/compatibility/pgfcomp-version-0-65.s
ty)
(/tmp/texlive-027/texmf-dist/tex/latex/pgf/compatibility/pgfcomp-version-1-18.s
ty)) (/tmp/texlive-027/texmf-dist/tex/latex/pgf/utilities/pgffor.sty
(/tmp/texlive-027/texmf-dist/tex/generic/pgf/utilities/pgffor.code.tex))
(/tmp/texlive-027/texmf-dist/tex/generic/pgf/frontendlayer/tikz/tikz.code.tex
(/tmp/texlive-027/texmf-dist/tex/generic/pgf/libraries/pgflibraryplothandlers.c
ode.tex)
(/tmp/texlive-027/texmf-dist/tex/generic/pgf/modules/pgfmodulematrix.code.tex)
(/tmp/texlive-027/texmf-dist/tex/generic/pgf/frontendlayer/tikz/libraries/tikzl
ibrarytopaths.code.tex)))
(/tmp/texlive-027/texmf-dist/tex/latex/caladea/caladea.sty
(/tmp/texlive-027/texmf-dist/tex/generic/iftex/ifxetex.sty)
(/tmp/texlive-027/texmf-dist/tex/generic/iftex/ifluatex.sty)
(/tmp/texlive-027/texmf-dist/tex/latex/xkeyval/xkeyval.sty
(/tmp/texlive-027/texmf-dist/tex/generic/xkeyval/xkeyval.tex
(/tmp/texlive-027/texmf-dist/tex/generic/xkeyval/xkvutils.tex)))
(/tmp/texlive-027/texmf-dist/tex/latex/base/textcomp.sty))
(/tmp/texlive-027/texmf-dist/tex/latex/carlito/carlito.sty)
(./styles/sintefcolor.sty)
(/tmp/texlive-027/texmf-dist/tex/latex/beamer/beamerouterthememiniframes.sty)
(/tmp/texlive-027/texmf-dist/tex/latex/beamer/beamercolorthemedolphin.sty)
(/tmp/texlive-027/texmf-dist/tex/latex/beamer/beamerfontthemeprofessionalfonts.
sty) (/tmp/texlive-027/texmf-dist/tex/latex/beamer/beamerfontthemeserif.sty))
(./scientific_layouts.tex
(/tmp/texlive-027/texmf-dist/tex/generic/pgf/libraries/pgflibraryarrows.meta.co
de.tex)
(/tmp/texlive-027/texmf-dist/tex/generic/pgf/frontendlayer/tikz/libraries/tikzl
ibrarypositioning.code.tex)
(/tmp/texlive-027/texmf-dist/tex/generic/pgf/frontendlayer/tikz/libraries/tikzl
ibrarycalc.code.tex))
(/tmp/texlive-027/texmf-dist/tex/latex/l3kernel/l3backend-xetex.def)
No file main.aux.
*geometry* driver: auto-detecting
*geometry* detected driver: xetex

Package hyperref Warning: Rerun to get /PageLabels entry.


(/tmp/texlive-027/texmf-dist/tex/latex/translator/translator-basic-dictionary-E
nglish.dict)
(/tmp/texlive-027/texmf-dist/tex/latex/translator/translator-bibliography-dicti
onary-English.dict)
(/tmp/texlive-027/texmf-dist/tex/latex/translator/translator-environment-dictio
nary-English.dict)
(/tmp/texlive-027/texmf-dist/tex/latex/translator/translator-months-dictionary-
English.dict)
(/tmp/texlive-027/texmf-dist/tex/latex/translator/translator-numbers-dictionary
-English.dict)
(/tmp/texlive-027/texmf-dist/tex/latex/translator/translator-theorem-dictionary
-English.dict)
No file main.nav.
[1] (/tmp/texlive-027/texmf-dist/tex/latex/amsfonts/umsa.fd)
(/tmp/texlive-027/texmf-dist/tex/latex/amsfonts/umsb.fd)
Overfull \hbox (56.90549pt too wide) in paragraph at lines 28--28
[][]  
[2]
Overfull \hbox (56.90549pt too wide) in paragraph at lines 38--38
[][]  
[3]
Overfull \hbox (56.90549pt too wide) in paragraph at lines 57--57
[][]  
[4]
Overfull \hbox (56.90549pt too wide) in paragraph at lines 67--67
[][]  
[5]
Overfull \hbox (56.90549pt too wide) in paragraph at lines 83--83
[][]  
[6]
Overfull \hbox (56.90549pt too wide) in paragraph at lines 102--102
[][]  
[7] (./main.aux)

Package rerunfilecheck Warning: File `main.out' has changed.
(rerunfilecheck)                Rerun to get outlines right
(rerunfilecheck)                or use package `bookmark'.

 )
(see the transcript file for additional information)
Output written on main.pdf (7 pages).
Transcript written on main.log.

===== pass 1 stderr =====

===== pass 2 stdout =====
This is XeTeX, Version 3.141592653-2.6-0.999998 (TeX Live 2026) (preloaded format=xelatex)
 restricted \write18 enabled.
entering extended mode
(./main.tex
LaTeX2e <2026-06-01>
L3 programming layer <2026-08-10>
(/tmp/texlive-027/texmf-dist/tex/latex/beamer/beamer.cls
Document Class: beamer 2026/08/20 v3.78 A class for typesetting presentations
(/tmp/texlive-027/texmf-dist/tex/latex/beamer/beamerbasemodes.sty
(/tmp/texlive-027/texmf-dist/tex/latex/etoolbox/etoolbox.sty)
(/tmp/texlive-027/texmf-dist/tex/latex/beamer/beamerbasedecode.sty))
(/tmp/texlive-027/texmf-dist/tex/generic/iftex/iftex.sty)
(/tmp/texlive-027/texmf-dist/tex/latex/beamer/beamerbaseoptions.sty
(/tmp/texlive-027/texmf-dist/tex/latex/graphics/keyval.sty))
(/tmp/texlive-027/texmf-dist/tex/latex/geometry/geometry.sty
(/tmp/texlive-027/texmf-dist/tex/generic/iftex/ifvtex.sty))
(/tmp/texlive-027/texmf-dist/tex/latex/pgf/math/pgfmath.sty
(/tmp/texlive-027/texmf-dist/tex/latex/pgf/utilities/pgfrcs.sty
(/tmp/texlive-027/texmf-dist/tex/generic/pgf/utilities/pgfutil-common.tex)
(/tmp/texlive-027/texmf-dist/tex/generic/pgf/utilities/pgfutil-latex.def)
(/tmp/texlive-027/texmf-dist/tex/generic/pgf/utilities/pgfrcs.code.tex
(/tmp/texlive-027/texmf-dist/tex/generic/pgf/pgf.revision.tex)))
(/tmp/texlive-027/texmf-dist/tex/latex/pgf/utilities/pgfkeys.sty
(/tmp/texlive-027/texmf-dist/tex/generic/pgf/utilities/pgfkeys.code.tex
(/tmp/texlive-027/texmf-dist/tex/generic/pgf/utilities/pgfkeyslibraryfiltered.c
ode.tex))) (/tmp/texlive-027/texmf-dist/tex/generic/pgf/math/pgfmath.code.tex
(/tmp/texlive-027/texmf-dist/tex/generic/pgf/math/pgfmathutil.code.tex)
(/tmp/texlive-027/texmf-dist/tex/generic/pgf/math/pgfmathparser.code.tex)
(/tmp/texlive-027/texmf-dist/tex/generic/pgf/math/pgfmathfunctions.code.tex)
(/tmp/texlive-027/texmf-dist/tex/generic/pgf/math/pgfmathfunctions.basic.code.t
ex)
(/tmp/texlive-027/texmf-dist/tex/generic/pgf/math/pgfmathfunctions.trigonometri
c.code.tex)
(/tmp/texlive-027/texmf-dist/tex/generic/pgf/math/pgfmathfunctions.random.code.
tex)
(/tmp/texlive-027/texmf-dist/tex/generic/pgf/math/pgfmathfunctions.comparison.c
ode.tex)
(/tmp/texlive-027/texmf-dist/tex/generic/pgf/math/pgfmathfunctions.base.code.te
x)
(/tmp/texlive-027/texmf-dist/tex/generic/pgf/math/pgfmathfunctions.round.code.t
ex)
(/tmp/texlive-027/texmf-dist/tex/generic/pgf/math/pgfmathfunctions.misc.code.te
x)
(/tmp/texlive-027/texmf-dist/tex/generic/pgf/math/pgfmathfunctions.integerarith
metics.code.tex)
(/tmp/texlive-027/texmf-dist/tex/generic/pgf/math/pgfmathcalc.code.tex)
(/tmp/texlive-027/texmf-dist/tex/generic/pgf/math/pgfmathfloat.code.tex)))
(/tmp/texlive-027/texmf-dist/tex/latex/base/size11.clo)
(/tmp/texlive-027/texmf-dist/tex/latex/pgf/basiclayer/pgfcore.sty
(/tmp/texlive-027/texmf-dist/tex/latex/graphics/graphicx.sty
(/tmp/texlive-027/texmf-dist/tex/latex/graphics/graphics.sty
(/tmp/texlive-027/texmf-dist/tex/latex/graphics/trig.sty)
(/tmp/texlive-027/texmf-dist/tex/latex/graphics-cfg/graphics.cfg)
(/tmp/texlive-027/texmf-dist/tex/latex/graphics-def/xetex.def)))
(/tmp/texlive-027/texmf-dist/tex/latex/pgf/systemlayer/pgfsys.sty
(/tmp/texlive-027/texmf-dist/tex/generic/pgf/systemlayer/pgfsys.code.tex
(/tmp/texlive-027/texmf-dist/tex/generic/pgf/systemlayer/pgf.cfg)
(/tmp/texlive-027/texmf-dist/tex/generic/pgf/systemlayer/pgfsys-xetex.def
(/tmp/texlive-027/texmf-dist/tex/generic/pgf/systemlayer/pgfsys-dvipdfmx.def
(/tmp/texlive-027/texmf-dist/tex/generic/pgf/systemlayer/pgfsys-common-pdf.def)
)))
(/tmp/texlive-027/texmf-dist/tex/generic/pgf/systemlayer/pgfsyssoftpath.code.te
x)
(/tmp/texlive-027/texmf-dist/tex/generic/pgf/systemlayer/pgfsysprotocol.code.te
x)) (/tmp/texlive-027/texmf-dist/tex/latex/xcolor/xcolor.sty
(/tmp/texlive-027/texmf-dist/tex/latex/graphics-cfg/color.cfg)
(/tmp/texlive-027/texmf-dist/tex/latex/graphics/mathcolor.ltx))
(/tmp/texlive-027/texmf-dist/tex/generic/pgf/basiclayer/pgfcore.code.tex
(/tmp/texlive-027/texmf-dist/tex/generic/pgf/math/pgfint.code.tex)
(/tmp/texlive-027/texmf-dist/tex/generic/pgf/basiclayer/pgfcorepoints.code.tex)

(/tmp/texlive-027/texmf-dist/tex/generic/pgf/basiclayer/pgfcorepathconstruct.co
de.tex)
(/tmp/texlive-027/texmf-dist/tex/generic/pgf/basiclayer/pgfcorepathusage.code.t
ex)
(/tmp/texlive-027/texmf-dist/tex/generic/pgf/basiclayer/pgfcorescopes.code.tex)

(/tmp/texlive-027/texmf-dist/tex/generic/pgf/basiclayer/pgfcoregraphicstate.cod
e.tex)
(/tmp/texlive-027/texmf-dist/tex/generic/pgf/basiclayer/pgfcoretransformations.
code.tex)
(/tmp/texlive-027/texmf-dist/tex/generic/pgf/basiclayer/pgfcorequick.code.tex)
(/tmp/texlive-027/texmf-dist/tex/generic/pgf/basiclayer/pgfcoreobjects.code.tex
)
(/tmp/texlive-027/texmf-dist/tex/generic/pgf/basiclayer/pgfcorepathprocessing.c
ode.tex)
(/tmp/texlive-027/texmf-dist/tex/generic/pgf/basiclayer/pgfcorearrows.code.tex)
 (/tmp/texlive-027/texmf-dist/tex/generic/pgf/basiclayer/pgfcoreshade.code.tex)
 (/tmp/texlive-027/texmf-dist/tex/generic/pgf/basiclayer/pgfcoreimage.code.tex)

(/tmp/texlive-027/texmf-dist/tex/generic/pgf/basiclayer/pgfcoreexternal.code.te
x)
(/tmp/texlive-027/texmf-dist/tex/generic/pgf/basiclayer/pgfcorelayers.code.tex)

(/tmp/texlive-027/texmf-dist/tex/generic/pgf/basiclayer/pgfcoretransparency.cod
e.tex)
(/tmp/texlive-027/texmf-dist/tex/generic/pgf/basiclayer/pgfcorepatterns.code.te
x) (/tmp/texlive-027/texmf-dist/tex/generic/pgf/basiclayer/pgfcorerdf.code.tex)
)) (/tmp/texlive-027/texmf-dist/tex/latex/pgf/utilities/xxcolor.sty)
(/tmp/texlive-027/texmf-dist/tex/latex/base/atbegshi-ltx.sty)
(/tmp/texlive-027/texmf-dist/tex/latex/hyperref/hyperref.sty
(/tmp/texlive-027/texmf-dist/tex/latex/kvsetkeys/kvsetkeys.sty)
(/tmp/texlive-027/texmf-dist/tex/generic/kvdefinekeys/kvdefinekeys.sty)
(/tmp/texlive-027/texmf-dist/tex/generic/pdfescape/pdfescape.sty
(/tmp/texlive-027/texmf-dist/tex/generic/ltxcmds/ltxcmds.sty)
(/tmp/texlive-027/texmf-dist/tex/generic/pdftexcmds/pdftexcmds.sty
(/tmp/texlive-027/texmf-dist/tex/generic/infwarerr/infwarerr.sty)))
(/tmp/texlive-027/texmf-dist/tex/latex/hycolor/hycolor.sty)
(/tmp/texlive-027/texmf-dist/tex/latex/hyperref/nameref.sty
(/tmp/texlive-027/texmf-dist/tex/latex/refcount/refcount.sty)
(/tmp/texlive-027/texmf-dist/tex/generic/gettitlestring/gettitlestring.sty
(/tmp/texlive-027/texmf-dist/tex/latex/kvoptions/kvoptions.sty)))
(/tmp/texlive-027/texmf-dist/tex/generic/stringenc/stringenc.sty)
(/tmp/texlive-027/texmf-dist/tex/latex/hyperref/pd1enc.def)
(/tmp/texlive-027/texmf-dist/tex/generic/intcalc/intcalc.sty)
(/tmp/texlive-027/texmf-dist/tex/latex/hyperref/puenc.def)
(/tmp/texlive-027/texmf-dist/tex/latex/url/url.sty)
(/tmp/texlive-027/texmf-dist/tex/generic/bitset/bitset.sty
(/tmp/texlive-027/texmf-dist/tex/generic/bigintcalc/bigintcalc.sty))

Package hyperref Message: Stopped early.

) (/tmp/texlive-027/texmf-dist/tex/latex/hyperref/hxetex.def
(/tmp/texlive-027/texmf-dist/tex/latex/rerunfilecheck/rerunfilecheck.sty
(/tmp/texlive-027/texmf-dist/tex/generic/uniquecounter/uniquecounter.sty)))
(/tmp/texlive-027/texmf-dist/tex/latex/beamer/beamerbaserequires.sty
(/tmp/texlive-027/texmf-dist/tex/latex/beamer/beamerbasecompatibility.sty)
(/tmp/texlive-027/texmf-dist/tex/latex/beamer/beamerbasefont.sty
(/tmp/texlive-027/texmf-dist/tex/latex/amsfonts/amssymb.sty
(/tmp/texlive-027/texmf-dist/tex/latex/amsfonts/amsfonts.sty)))
(/tmp/texlive-027/texmf-dist/tex/latex/beamer/beamerbasetranslator.sty
(/tmp/texlive-027/texmf-dist/tex/latex/translator/translator.sty))
(/tmp/texlive-027/texmf-dist/tex/latex/beamer/beamerbasemisc.sty)
(/tmp/texlive-027/texmf-dist/tex/latex/beamer/beamerbasetwoscreens.sty)
(/tmp/texlive-027/texmf-dist/tex/latex/beamer/beamerbaseoverlay.sty)
(/tmp/texlive-027/texmf-dist/tex/latex/beamer/beamerbasetitle.sty)
(/tmp/texlive-027/texmf-dist/tex/latex/beamer/beamerbasesection.sty)
(/tmp/texlive-027/texmf-dist/tex/latex/beamer/beamerbaseframe.sty)
(/tmp/texlive-027/texmf-dist/tex/latex/beamer/beamerbaseverbatim.sty)
(/tmp/texlive-027/texmf-dist/tex/latex/beamer/beamerbaseframesize.sty)
(/tmp/texlive-027/texmf-dist/tex/latex/beamer/beamerbaseframecomponents.sty)
(/tmp/texlive-027/texmf-dist/tex/latex/beamer/beamerbasecolor.sty)
(/tmp/texlive-027/texmf-dist/tex/latex/beamer/beamerbasenotes.sty)
(/tmp/texlive-027/texmf-dist/tex/latex/beamer/beamerbasetoc.sty)
(/tmp/texlive-027/texmf-dist/tex/latex/beamer/beamerbasetemplates.sty
(/tmp/texlive-027/texmf-dist/tex/latex/beamer/beamerbaseauxtemplates.sty
(/tmp/texlive-027/texmf-dist/tex/latex/beamer/beamerbaseboxes.sty)))
(/tmp/texlive-027/texmf-dist/tex/latex/beamer/beamerbaselocalstructure.sty
(/tmp/texlive-027/texmf-dist/tex/latex/tools/enumerate.sty))
(/tmp/texlive-027/texmf-dist/tex/latex/beamer/beamerbasenavigation.sty
(/tmp/texlive-027/texmf-dist/tex/latex/beamer/beamerbasenavigationsymbols.tex))
 (/tmp/texlive-027/texmf-dist/tex/latex/beamer/beamerbasetheorems.sty
(/tmp/texlive-027/texmf-dist/tex/latex/amsmath/amsmath.sty
For additional information on amsmath, use the `?' option.
(/tmp/texlive-027/texmf-dist/tex/latex/amsmath/amstext.sty
(/tmp/texlive-027/texmf-dist/tex/latex/amsmath/amsgen.sty))
(/tmp/texlive-027/texmf-dist/tex/latex/amsmath/amsbsy.sty)
(/tmp/texlive-027/texmf-dist/tex/latex/amsmath/amsopn.sty))
(/tmp/texlive-027/texmf-dist/tex/latex/amscls/amsthm.sty))
(/tmp/texlive-027/texmf-dist/tex/latex/beamer/beamerbasethemes.sty))
(/tmp/texlive-027/texmf-dist/tex/latex/beamer/beamerthemedefault.sty
(/tmp/texlive-027/texmf-dist/tex/latex/beamer/beamerfontthemedefault.sty)
(/tmp/texlive-027/texmf-dist/tex/latex/beamer/beamercolorthemedefault.sty)
(/tmp/texlive-027/texmf-dist/tex/latex/beamer/beamerinnerthemedefault.sty)
(/tmp/texlive-027/texmf-dist/tex/latex/beamer/beamerouterthemedefault.sty)))
(/tmp/texlive-027/texmf-dist/tex/latex/booktabs/booktabs.sty)
(./styles/beamerthemesintef.sty
(/tmp/texlive-027/texmf-dist/tex/latex/fontspec/fontspec.sty
(/tmp/texlive-027/texmf-dist/tex/latex/fontspec/fontspec-xetex.sty
(/tmp/texlive-027/texmf-dist/tex/latex/base/fontenc.sty)
(/tmp/texlive-027/texmf-dist/tex/latex/fontspec/fontspec.cfg)))
(/tmp/texlive-027/texmf-dist/tex/latex/parskip/parskip.sty)
(/tmp/texlive-027/texmf-dist/tex/latex/pgf/frontendlayer/tikz.sty
(/tmp/texlive-027/texmf-dist/tex/latex/pgf/basiclayer/pgf.sty
(/tmp/texlive-027/texmf-dist/tex/generic/pgf/modules/pgfmoduleshapes.code.tex)
(/tmp/texlive-027/texmf-dist/tex/generic/pgf/modules/pgfmoduleplot.code.tex)
(/tmp/texlive-027/texmf-dist/tex/latex/pgf/compatibility/pgfcomp-version-0-65.s
ty)
(/tmp/texlive-027/texmf-dist/tex/latex/pgf/compatibility/pgfcomp-version-1-18.s
ty)) (/tmp/texlive-027/texmf-dist/tex/latex/pgf/utilities/pgffor.sty
(/tmp/texlive-027/texmf-dist/tex/generic/pgf/utilities/pgffor.code.tex))
(/tmp/texlive-027/texmf-dist/tex/generic/pgf/frontendlayer/tikz/tikz.code.tex
(/tmp/texlive-027/texmf-dist/tex/generic/pgf/libraries/pgflibraryplothandlers.c
ode.tex)
(/tmp/texlive-027/texmf-dist/tex/generic/pgf/modules/pgfmodulematrix.code.tex)
(/tmp/texlive-027/texmf-dist/tex/generic/pgf/frontendlayer/tikz/libraries/tikzl
ibrarytopaths.code.tex)))
(/tmp/texlive-027/texmf-dist/tex/latex/caladea/caladea.sty
(/tmp/texlive-027/texmf-dist/tex/generic/iftex/ifxetex.sty)
(/tmp/texlive-027/texmf-dist/tex/generic/iftex/ifluatex.sty)
(/tmp/texlive-027/texmf-dist/tex/latex/xkeyval/xkeyval.sty
(/tmp/texlive-027/texmf-dist/tex/generic/xkeyval/xkeyval.tex
(/tmp/texlive-027/texmf-dist/tex/generic/xkeyval/xkvutils.tex)))
(/tmp/texlive-027/texmf-dist/tex/latex/base/textcomp.sty))
(/tmp/texlive-027/texmf-dist/tex/latex/carlito/carlito.sty)
(./styles/sintefcolor.sty)
(/tmp/texlive-027/texmf-dist/tex/latex/beamer/beamerouterthememiniframes.sty)
(/tmp/texlive-027/texmf-dist/tex/latex/beamer/beamercolorthemedolphin.sty)
(/tmp/texlive-027/texmf-dist/tex/latex/beamer/beamerfontthemeprofessionalfonts.
sty) (/tmp/texlive-027/texmf-dist/tex/latex/beamer/beamerfontthemeserif.sty))
(./scientific_layouts.tex
(/tmp/texlive-027/texmf-dist/tex/generic/pgf/libraries/pgflibraryarrows.meta.co
de.tex)
(/tmp/texlive-027/texmf-dist/tex/generic/pgf/frontendlayer/tikz/libraries/tikzl
ibrarypositioning.code.tex)
(/tmp/texlive-027/texmf-dist/tex/generic/pgf/frontendlayer/tikz/libraries/tikzl
ibrarycalc.code.tex))
(/tmp/texlive-027/texmf-dist/tex/latex/l3kernel/l3backend-xetex.def)
(./main.aux)
*geometry* driver: auto-detecting
*geometry* detected driver: xetex
(./main.out) (./main.out)
(/tmp/texlive-027/texmf-dist/tex/latex/translator/translator-basic-dictionary-E
nglish.dict)
(/tmp/texlive-027/texmf-dist/tex/latex/translator/translator-bibliography-dicti
onary-English.dict)
(/tmp/texlive-027/texmf-dist/tex/latex/translator/translator-environment-dictio
nary-English.dict)
(/tmp/texlive-027/texmf-dist/tex/latex/translator/translator-months-dictionary-
English.dict)
(/tmp/texlive-027/texmf-dist/tex/latex/translator/translator-numbers-dictionary
-English.dict)
(/tmp/texlive-027/texmf-dist/tex/latex/translator/translator-theorem-dictionary
-English.dict) (./main.nav) [1]
(/tmp/texlive-027/texmf-dist/tex/latex/amsfonts/umsa.fd)
(/tmp/texlive-027/texmf-dist/tex/latex/amsfonts/umsb.fd)
Overfull \hbox (56.90549pt too wide) in paragraph at lines 28--28
[][]  
[2]
Overfull \hbox (56.90549pt too wide) in paragraph at lines 38--38
[][]  
[3]
Overfull \hbox (56.90549pt too wide) in paragraph at lines 57--57
[][]  
[4]
Overfull \hbox (56.90549pt too wide) in paragraph at lines 67--67
[][]  
[5]
Overfull \hbox (56.90549pt too wide) in paragraph at lines 83--83
[][]  
[6]
Overfull \hbox (56.90549pt too wide) in paragraph at lines 102--102
[][]  
[7] (./main.aux) )
(see the transcript file for additional information)
Output written on main.pdf (7 pages).
Transcript written on main.log.

===== pass 2 stderr =====
